[dotenv@17.3.1] injecting env (3) from .env -- tip: ≡ƒñû agentic secret storage: https://dotenvx.com/as2
Trying 'config' property
Failed with 'config': Unknown property config provided to PrismaClient constructor.
Read more at https://pris.ly/d/client-constructor
